
> shadi-ai-solutions@0.1.0 build
> next build

  ▲ Next.js 14.2.35
  - Environments: .env.local

   Creating an optimized production build ...
 ✓ Compiled successfully
   Linting and checking validity of types ...
   Collecting page data ...
   Generating static pages (0/23) ...
   Generating static pages (5/23) 
   Generating static pages (11/23) 
   Generating static pages (17/23) 
 ✓ Generating static pages (23/23)
   Finalizing page optimization ...
   Collecting build traces ...

Route (app)                              Size     First Load JS
┌ ○ /                                    178 B          96.2 kB
├ ○ /_not-found                          873 B          88.2 kB
├ ƒ /api/ai/conversations                0 B                0 B
├ ƒ /api/ai/knowledge/structured         0 B                0 B
├ ƒ /api/ai/knowledge/upload             0 B                0 B
├ ƒ /api/ai/messages                     0 B                0 B
├ ƒ /api/appointments                    0 B                0 B
├ ƒ /api/appointments/analytics          0 B                0 B
├ ƒ /api/appointments/staff              0 B                0 B
├ ƒ /api/leads                           0 B                0 B
├ ○ /api/supabase-config                 0 B                0 B
├ ƒ /api/supabase-setup                  0 B                0 B
├ ○ /dashboard                           142 B          87.5 kB
├ ○ /dashboard/appointments              1.67 kB          89 kB
├ ○ /dashboard/knowledge-base            142 B          87.5 kB
├ ○ /dashboard/leads                     1.53 kB        88.9 kB
├ ○ /dashboard/overview                  1.1 kB         88.4 kB
├ ○ /demo                                178 B          96.2 kB
├ ○ /login                               1.94 kB         161 kB
├ ○ /register                            2.26 kB         162 kB
└ ○ /setup                               1.71 kB          89 kB
+ First Load JS shared by all            87.3 kB
  ├ chunks/117-9bcfe95f89d4b2e1.js       31.7 kB
  ├ chunks/fd9d1056-9f91b5e418130764.js  53.6 kB
  └ other shared chunks (total)          1.95 kB


○  (Static)   prerendered as static content
ƒ  (Dynamic)  server-rendered on demand

